Command line invocation:
    /Applications/Xcode.app/Contents/Developer/usr/bin/xcodebuild build -project HOOKFLOW.xcodeproj -scheme HOOKFLOW -destination generic/platform=iOS

Resolve Package Graph


Resolved source packages:
  RevenueCat: https://github.com/RevenueCat/purchases-ios.git @ 5.67.1

ComputePackagePrebuildTargetDependencyGraph

Prepare packages

CreateBuildRequest

SendProjectDescription

CreateBuildOperation

ComputeTargetDependencyGraph
note: Building targets in dependency order
note: Target dependency graph (4 targets)
    Target 'HOOKFLOW' in project 'HOOKFLOW'
        ➜ Explicit dependency on target 'RevenueCat' in project 'RevenueCat'
    Target 'RevenueCat' in project 'RevenueCat'
        ➜ Explicit dependency on target 'RevenueCat' in project 'RevenueCat'
        ➜ Explicit dependency on target 'RevenueCat_RevenueCat' in project 'RevenueCat'
    Target 'RevenueCat' in project 'RevenueCat'
        ➜ Explicit dependency on target 'RevenueCat_RevenueCat' in project 'RevenueCat'
    Target 'RevenueCat_RevenueCat' in project 'RevenueCat' (no dependencies)

GatherProvisioningInputs

CreateBuildDescription

ExecuteExternalTool /Applications/Xcode.app/Contents/Developer/Toolchains/XcodeDefault.xctoolchain/usr/bin/clang -v -E -dM -isysroot /Applications/Xcode.app/Contents/Developer/Platforms/iPhoneOS.platform/Developer/SDKs/iPhoneOS26.2.sdk -x c -c /dev/null

ExecuteExternalTool /Applications/Xcode.app/Contents/Developer/usr/bin/actool --print-asset-tag-combinations --output-format xml1 /Users/jahroinimo/Desktop/my apps/HOOKFLOW-PROJECT/HOOKFLOW/App/Assets.xcassets

ExecuteExternalTool /Applications/Xcode.app/Contents/Developer/Toolchains/XcodeDefault.xctoolchain/usr/bin/swiftc --version

ExecuteExternalTool /Applications/Xcode.app/Contents/Developer/Toolchains/XcodeDefault.xctoolchain/usr/bin/ld -version_details

ReadFileContents /Applications/Xcode.app/Contents/Developer/Toolchains/XcodeDefault.xctoolchain/usr/share/docc/features.json

ExecuteExternalTool /Applications/Xcode.app/Contents/Developer/usr/bin/actool --version --output-format xml1

Build description signature: b2a8bbae3f450391337b96498e6a866d
Build description path: /Users/jahroinimo/Library/Developer/Xcode/DerivedData/HOOKFLOW-gcddfsyjvyrryddlddufhwcsokbp/Build/Intermediates.noindex/XCBuildData/b2a8bbae3f450391337b96498e6a866d.xcbuilddata
ClangStatCache /Applications/Xcode.app/Contents/Developer/Toolchains/XcodeDefault.xctoolchain/usr/bin/clang-stat-cache /Applications/Xcode.app/Contents/Developer/Platforms/iPhoneOS.platform/Developer/SDKs/iPhoneOS26.2.sdk /Users/jahroinimo/Library/Developer/Xcode/DerivedData/SDKStatCaches.noindex/iphoneos26.2-23C57-3794476bd08197c3e2abd9bb477ef7f7.sdkstatcache
    cd /Users/jahroinimo/Desktop/my\ apps/HOOKFLOW-PROJECT/HOOKFLOW/HOOKFLOW.xcodeproj
    /Applications/Xcode.app/Contents/Developer/Toolchains/XcodeDefault.xctoolchain/usr/bin/clang-stat-cache /Applications/Xcode.app/Contents/Developer/Platforms/iPhoneOS.platform/Developer/SDKs/iPhoneOS26.2.sdk -o /Users/jahroinimo/Library/Developer/Xcode/DerivedData/SDKStatCaches.noindex/iphoneos26.2-23C57-3794476bd08197c3e2abd9bb477ef7f7.sdkstatcache

ProcessInfoPlistFile /Users/jahroinimo/Library/Developer/Xcode/DerivedData/HOOKFLOW-gcddfsyjvyrryddlddufhwcsokbp/Build/Products/Debug-iphoneos/RevenueCat_RevenueCat.bundle/Info.plist /Users/jahroinimo/Library/Developer/Xcode/DerivedData/HOOKFLOW-gcddfsyjvyrryddlddufhwcsokbp/Build/Intermediates.noindex/RevenueCat.build/Debug-iphoneos/RevenueCat_RevenueCat.build/empty-RevenueCat_RevenueCat.plist (in target 'RevenueCat_RevenueCat' from project 'RevenueCat')
    cd /Users/jahroinimo/Library/Developer/Xcode/DerivedData/HOOKFLOW-gcddfsyjvyrryddlddufhwcsokbp/SourcePackages/checkouts/purchases-ios
    builtin-infoPlistUtility /Users/jahroinimo/Library/Developer/Xcode/DerivedData/HOOKFLOW-gcddfsyjvyrryddlddufhwcsokbp/Build/Intermediates.noindex/RevenueCat.build/Debug-iphoneos/RevenueCat_RevenueCat.build/empty-RevenueCat_RevenueCat.plist -producttype com.apple.product-type.bundle -expandbuildsettings -format binary -platform iphoneos -requiredArchitecture arm64 -o /Users/jahroinimo/Library/Developer/Xcode/DerivedData/HOOKFLOW-gcddfsyjvyrryddlddufhwcsokbp/Build/Products/Debug-iphoneos/RevenueCat_RevenueCat.bundle/Info.plist

Ld /Users/jahroinimo/Library/Developer/Xcode/DerivedData/HOOKFLOW-gcddfsyjvyrryddlddufhwcsokbp/Build/Products/Debug-iphoneos/RevenueCat.o normal (in target 'RevenueCat' from project 'RevenueCat')
    cd /Users/jahroinimo/Library/Developer/Xcode/DerivedData/HOOKFLOW-gcddfsyjvyrryddlddufhwcsokbp/SourcePackages/checkouts/purchases-ios
    /Applications/Xcode.app/Contents/Developer/Toolchains/XcodeDefault.xctoolchain/usr/bin/clang -Xlinker -reproducible -target arm64-apple-ios13.0 -r -isysroot /Applications/Xcode.app/Contents/Developer/Platforms/iPhoneOS.platform/Developer/SDKs/iPhoneOS26.2.sdk -O0 -w -L/Users/jahroinimo/Library/Developer/Xcode/DerivedData/HOOKFLOW-gcddfsyjvyrryddlddufhwcsokbp/Build/Intermediates.noindex/EagerLinkingTBDs/Debug-iphoneos -L/Users/jahroinimo/Library/Developer/Xcode/DerivedData/HOOKFLOW-gcddfsyjvyrryddlddufhwcsokbp/Build/Products/Debug-iphoneos -L/Applications/Xcode.app/Contents/Developer/Platforms/iPhoneOS.platform/Developer/usr/lib -F/Users/jahroinimo/Library/Developer/Xcode/DerivedData/HOOKFLOW-gcddfsyjvyrryddlddufhwcsokbp/Build/Intermediates.noindex/EagerLinkingTBDs/Debug-iphoneos -F/Users/jahroinimo/Library/Developer/Xcode/DerivedData/HOOKFLOW-gcddfsyjvyrryddlddufhwcsokbp/Build/Products/Debug-iphoneos -iframework /Applications/Xcode.app/Contents/Developer/Platforms/iPhoneOS.platform/Developer/Library/Frameworks -iframework /Applications/Xcode.app/Contents/Developer/Platforms/iPhoneOS.platform/Developer/SDKs/iPhoneOS26.2.sdk/Developer/Library/Frameworks -filelist /Users/jahroinimo/Library/Developer/Xcode/DerivedData/HOOKFLOW-gcddfsyjvyrryddlddufhwcsokbp/Build/Intermediates.noindex/RevenueCat.build/Debug-iphoneos/RevenueCat.build/Objects-normal/arm64/RevenueCat.LinkFileList -nostdlib -Xlinker -object_path_lto -Xlinker /Users/jahroinimo/Library/Developer/Xcode/DerivedData/HOOKFLOW-gcddfsyjvyrryddlddufhwcsokbp/Build/Intermediates.noindex/RevenueCat.build/Debug-iphoneos/RevenueCat.build/Objects-normal/arm64/RevenueCat_lto.o -rdynamic -Xlinker -no_deduplicate -Xlinker -debug_variant -Xlinker -dependency_info -Xlinker /Users/jahroinimo/Library/Developer/Xcode/DerivedData/HOOKFLOW-gcddfsyjvyrryddlddufhwcsokbp/Build/Intermediates.noindex/RevenueCat.build/Debug-iphoneos/RevenueCat.build/Objects-normal/arm64/RevenueCat_dependency_info.dat -fobjc-link-runtime -L/Applications/Xcode.app/Contents/Developer/Toolchains/XcodeDefault.xctoolchain/usr/lib/swift/iphoneos -L/usr/lib/swift -Xlinker -add_ast_path -Xlinker /Users/jahroinimo/Library/Developer/Xcode/DerivedData/HOOKFLOW-gcddfsyjvyrryddlddufhwcsokbp/Build/Intermediates.noindex/RevenueCat.build/Debug-iphoneos/RevenueCat.build/Objects-normal/arm64/RevenueCat.swiftmodule @/Users/jahroinimo/Library/Developer/Xcode/DerivedData/HOOKFLOW-gcddfsyjvyrryddlddufhwcsokbp/Build/Intermediates.noindex/RevenueCat.build/Debug-iphoneos/RevenueCat.build/Objects-normal/arm64/RevenueCat-linker-args.resp -o /Users/jahroinimo/Library/Developer/Xcode/DerivedData/HOOKFLOW-gcddfsyjvyrryddlddufhwcsokbp/Build/Products/Debug-iphoneos/RevenueCat.o

ProcessProductPackaging /Users/jahroinimo/Desktop/my\ apps/HOOKFLOW-PROJECT/HOOKFLOW/HOOKFLOW.entitlements /Users/jahroinimo/Library/Developer/Xcode/DerivedData/HOOKFLOW-gcddfsyjvyrryddlddufhwcsokbp/Build/Intermediates.noindex/HOOKFLOW.build/Debug-iphoneos/HOOKFLOW.build/HOOKFLOW.app.xcent (in target 'HOOKFLOW' from project 'HOOKFLOW')
    cd /Users/jahroinimo/Desktop/my\ apps/HOOKFLOW-PROJECT/HOOKFLOW
    
    Entitlements:
    
    {
    "application-identifier" = "48HB55CY88.ios.startask.HOOKFLOW";
    "com.apple.developer.team-identifier" = 48HB55CY88;
    "get-task-allow" = 1;
}
    
    builtin-productPackagingUtility /Users/jahroinimo/Desktop/my\ apps/HOOKFLOW-PROJECT/HOOKFLOW/HOOKFLOW.entitlements -entitlements -format xml -o /Users/jahroinimo/Library/Developer/Xcode/DerivedData/HOOKFLOW-gcddfsyjvyrryddlddufhwcsokbp/Build/Intermediates.noindex/HOOKFLOW.build/Debug-iphoneos/HOOKFLOW.build/HOOKFLOW.app.xcent

ProcessProductPackagingDER /Users/jahroinimo/Library/Developer/Xcode/DerivedData/HOOKFLOW-gcddfsyjvyrryddlddufhwcsokbp/Build/Intermediates.noindex/HOOKFLOW.build/Debug-iphoneos/HOOKFLOW.build/HOOKFLOW.app.xcent /Users/jahroinimo/Library/Developer/Xcode/DerivedData/HOOKFLOW-gcddfsyjvyrryddlddufhwcsokbp/Build/Intermediates.noindex/HOOKFLOW.build/Debug-iphoneos/HOOKFLOW.build/HOOKFLOW.app.xcent.der (in target 'HOOKFLOW' from project 'HOOKFLOW')
    cd /Users/jahroinimo/Desktop/my\ apps/HOOKFLOW-PROJECT/HOOKFLOW
    /usr/bin/derq query -f xml -i /Users/jahroinimo/Library/Developer/Xcode/DerivedData/HOOKFLOW-gcddfsyjvyrryddlddufhwcsokbp/Build/Intermediates.noindex/HOOKFLOW.build/Debug-iphoneos/HOOKFLOW.build/HOOKFLOW.app.xcent -o /Users/jahroinimo/Library/Developer/Xcode/DerivedData/HOOKFLOW-gcddfsyjvyrryddlddufhwcsokbp/Build/Intermediates.noindex/HOOKFLOW.build/Debug-iphoneos/HOOKFLOW.build/HOOKFLOW.app.xcent.der --raw

SwiftDriver HOOKFLOW normal arm64 com.apple.xcode.tools.swift.compiler (in target 'HOOKFLOW' from project 'HOOKFLOW')
    cd /Users/jahroinimo/Desktop/my\ apps/HOOKFLOW-PROJECT/HOOKFLOW
    builtin-SwiftDriver -- /Applications/Xcode.app/Contents/Developer/Toolchains/XcodeDefault.xctoolchain/usr/bin/swiftc -module-name HOOKFLOW -Onone -enforce-exclusivity\=checked @/Users/jahroinimo/Library/Developer/Xcode/DerivedData/HOOKFLOW-gcddfsyjvyrryddlddufhwcsokbp/Build/Intermediates.noindex/HOOKFLOW.build/Debug-iphoneos/HOOKFLOW.build/Objects-normal/arm64/HOOKFLOW.SwiftFileList -DDEBUG -enable-experimental-feature DebugDescriptionMacro -sdk /Applications/Xcode.app/Contents/Developer/Platforms/iPhoneOS.platform/Developer/SDKs/iPhoneOS26.2.sdk -target arm64-apple-ios17.0 -g -module-cache-path /Users/jahroinimo/Library/Developer/Xcode/DerivedData/ModuleCache.noindex -Xfrontend -serialize-debugging-options -profile-coverage-mapping -profile-generate -enable-testing -index-store-path /Users/jahroinimo/Library/Developer/Xcode/DerivedData/HOOKFLOW-gcddfsyjvyrryddlddufhwcsokbp/Index.noindex/DataStore -Xcc -D_LIBCPP_HARDENING_MODE\=_LIBCPP_HARDENING_MODE_DEBUG -swift-version 6 -I /Users/jahroinimo/Library/Developer/Xcode/DerivedData/HOOKFLOW-gcddfsyjvyrryddlddufhwcsokbp/Build/Products/Debug-iphoneos -F /Users/jahroinimo/Library/Developer/Xcode/DerivedData/HOOKFLOW-gcddfsyjvyrryddlddufhwcsokbp/Build/Products/Debug-iphoneos/PackageFrameworks -F /Users/jahroinimo/Library/Developer/Xcode/DerivedData/HOOKFLOW-gcddfsyjvyrryddlddufhwcsokbp/Build/Products/Debug-iphoneos -emit-localized-strings -emit-localized-strings-path /Users/jahroinimo/Library/Developer/Xcode/DerivedData/HOOKFLOW-gcddfsyjvyrryddlddufhwcsokbp/Build/Intermediates.noindex/HOOKFLOW.build/Debug-iphoneos/HOOKFLOW.build/Objects-normal/arm64 -c -j10 -enable-batch-mode -incremental -Xcc -ivfsstatcache -Xcc /Users/jahroinimo/Library/Developer/Xcode/DerivedData/SDKStatCaches.noindex/iphoneos26.2-23C57-3794476bd08197c3e2abd9bb477ef7f7.sdkstatcache -output-file-map /Users/jahroinimo/Library/Developer/Xcode/DerivedData/HOOKFLOW-gcddfsyjvyrryddlddufhwcsokbp/Build/Intermediates.noindex/HOOKFLOW.build/Debug-iphoneos/HOOKFLOW.build/Objects-normal/arm64/HOOKFLOW-OutputFileMap.json -use-frontend-parseable-output -save-temps -no-color-diagnostics -explicit-module-build -module-cache-path /Users/jahroinimo/Library/Developer/Xcode/DerivedData/HOOKFLOW-gcddfsyjvyrryddlddufhwcsokbp/Build/Intermediates.noindex/SwiftExplicitPrecompiledModules -clang-scanner-module-cache-path /Users/jahroinimo/Library/Developer/Xcode/DerivedData/ModuleCache.noindex -sdk-module-cache-path /Users/jahroinimo/Library/Developer/Xcode/DerivedData/ModuleCache.noindex -serialize-diagnostics -emit-dependencies -emit-module -emit-module-path /Users/jahroinimo/Library/Developer/Xcode/DerivedData/HOOKFLOW-gcddfsyjvyrryddlddufhwcsokbp/Build/Intermediates.noindex/HOOKFLOW.build/Debug-iphoneos/HOOKFLOW.build/Objects-normal/arm64/HOOKFLOW.swiftmodule -validate-clang-modules-once -clang-build-session-file /Users/jahroinimo/Library/Developer/Xcode/DerivedData/ModuleCache.noindex/Session.modulevalidation -Xcc -I/Users/jahroinimo/Library/Developer/Xcode/DerivedData/HOOKFLOW-gcddfsyjvyrryddlddufhwcsokbp/Build/Intermediates.noindex/HOOKFLOW.build/Debug-iphoneos/HOOKFLOW.build/swift-overrides.hmap -emit-const-values -Xfrontend -const-gather-protocols-file -Xfrontend /Users/jahroinimo/Library/Developer/Xcode/DerivedData/HOOKFLOW-gcddfsyjvyrryddlddufhwcsokbp/Build/Intermediates.noindex/HOOKFLOW.build/Debug-iphoneos/HOOKFLOW.build/Objects-normal/arm64/HOOKFLOW_const_extract_protocols.json -Xcc -iquote -Xcc /Users/jahroinimo/Library/Developer/Xcode/DerivedData/HOOKFLOW-gcddfsyjvyrryddlddufhwcsokbp/Build/Intermediates.noindex/HOOKFLOW.build/Debug-iphoneos/HOOKFLOW.build/HOOKFLOW-generated-files.hmap -Xcc -I/Users/jahroinimo/Library/Developer/Xcode/DerivedData/HOOKFLOW-gcddfsyjvyrryddlddufhwcsokbp/Build/Intermediates.noindex/HOOKFLOW.build/Debug-iphoneos/HOOKFLOW.build/HOOKFLOW-own-target-headers.hmap -Xcc -I/Users/jahroinimo/Library/Developer/Xcode/DerivedData/HOOKFLOW-gcddfsyjvyrryddlddufhwcsokbp/Build/Intermediates.noindex/HOOKFLOW.build/Debug-iphoneos/HOOKFLOW.build/HOOKFLOW-all-non-framework-target-headers.hmap -Xcc -ivfsoverlay -Xcc /Users/jahroinimo/Library/Developer/Xcode/DerivedData/HOOKFLOW-gcddfsyjvyrryddlddufhwcsokbp/Build/Intermediates.noindex/HOOKFLOW.build/Debug-iphoneos/HOOKFLOW-504d7c2ea74e70f92f3016821e644e69-VFS-iphoneos/all-product-headers.yaml -Xcc -iquote -Xcc /Users/jahroinimo/Library/Developer/Xcode/DerivedData/HOOKFLOW-gcddfsyjvyrryddlddufhwcsokbp/Build/Intermediates.noindex/HOOKFLOW.build/Debug-iphoneos/HOOKFLOW.build/HOOKFLOW-project-headers.hmap -Xcc -I/Users/jahroinimo/Library/Developer/Xcode/DerivedData/HOOKFLOW-gcddfsyjvyrryddlddufhwcsokbp/Build/Products/Debug-iphoneos/include -Xcc -I/Users/jahroinimo/Library/Developer/Xcode/DerivedData/HOOKFLOW-gcddfsyjvyrryddlddufhwcsokbp/Build/Intermediates.noindex/HOOKFLOW.build/Debug-iphoneos/HOOKFLOW.build/DerivedSources-normal/arm64 -Xcc -I/Users/jahroinimo/Library/Developer/Xcode/DerivedData/HOOKFLOW-gcddfsyjvyrryddlddufhwcsokbp/Build/Intermediates.noindex/HOOKFLOW.build/Debug-iphoneos/HOOKFLOW.build/DerivedSources/arm64 -Xcc -I/Users/jahroinimo/Library/Developer/Xcode/DerivedData/HOOKFLOW-gcddfsyjvyrryddlddufhwcsokbp/Build/Intermediates.noindex/HOOKFLOW.build/Debug-iphoneos/HOOKFLOW.build/DerivedSources -Xcc -DDEBUG\=1 -emit-objc-header -emit-objc-header-path /Users/jahroinimo/Library/Developer/Xcode/DerivedData/HOOKFLOW-gcddfsyjvyrryddlddufhwcsokbp/Build/Intermediates.noindex/HOOKFLOW.build/Debug-iphoneos/HOOKFLOW.build/Objects-normal/arm64/HOOKFLOW-Swift.h -working-directory /Users/jahroinimo/Desktop/my\ apps/HOOKFLOW-PROJECT/HOOKFLOW -experimental-emit-module-separately -disable-cmo

ExtractAppIntentsMetadata (in target 'RevenueCat' from project 'RevenueCat')
    cd /Users/jahroinimo/Library/Developer/Xcode/DerivedData/HOOKFLOW-gcddfsyjvyrryddlddufhwcsokbp/SourcePackages/checkouts/purchases-ios
    /Applications/Xcode.app/Contents/Developer/Toolchains/XcodeDefault.xctoolchain/usr/bin/appintentsmetadataprocessor --toolchain-dir /Applications/Xcode.app/Contents/Developer/Toolchains/XcodeDefault.xctoolchain --module-name RevenueCat --sdk-root /Applications/Xcode.app/Contents/Developer/Platforms/iPhoneOS.platform/Developer/SDKs/iPhoneOS26.2.sdk --xcode-version 17C529 --platform-family iOS --deployment-target 13.0 --bundle-identifier purchases-ios.RevenueCat --output /Users/jahroinimo/Library/Developer/Xcode/DerivedData/HOOKFLOW-gcddfsyjvyrryddlddufhwcsokbp/Build/Products/Debug-iphoneos/RevenueCat.appintents --target-triple arm64-apple-ios13.0 --binary-file /Users/jahroinimo/Library/Developer/Xcode/DerivedData/HOOKFLOW-gcddfsyjvyrryddlddufhwcsokbp/Build/Products/Debug-iphoneos/RevenueCat.o --dependency-file /Users/jahroinimo/Library/Developer/Xcode/DerivedData/HOOKFLOW-gcddfsyjvyrryddlddufhwcsokbp/Build/Intermediates.noindex/RevenueCat.build/Debug-iphoneos/RevenueCat.build/Objects-normal/arm64/RevenueCat_dependency_info.dat --stringsdata-file /Users/jahroinimo/Library/Developer/Xcode/DerivedData/HOOKFLOW-gcddfsyjvyrryddlddufhwcsokbp/Build/Intermediates.noindex/RevenueCat.build/Debug-iphoneos/RevenueCat.build/Objects-normal/arm64/ExtractedAppShortcutsMetadata.stringsdata --source-file-list /Users/jahroinimo/Library/Developer/Xcode/DerivedData/HOOKFLOW-gcddfsyjvyrryddlddufhwcsokbp/Build/Intermediates.noindex/RevenueCat.build/Debug-iphoneos/RevenueCat.build/Objects-normal/arm64/RevenueCat.SwiftFileList --metadata-file-list /Users/jahroinimo/Library/Developer/Xcode/DerivedData/HOOKFLOW-gcddfsyjvyrryddlddufhwcsokbp/Build/Intermediates.noindex/RevenueCat.build/Debug-iphoneos/RevenueCat.build/RevenueCat.DependencyMetadataFileList --static-metadata-file-list /Users/jahroinimo/Library/Developer/Xcode/DerivedData/HOOKFLOW-gcddfsyjvyrryddlddufhwcsokbp/Build/Intermediates.noindex/RevenueCat.build/Debug-iphoneos/RevenueCat.build/RevenueCat.DependencyStaticMetadataFileList --swift-const-vals-list /Users/jahroinimo/Library/Developer/Xcode/DerivedData/HOOKFLOW-gcddfsyjvyrryddlddufhwcsokbp/Build/Intermediates.noindex/RevenueCat.build/Debug-iphoneos/RevenueCat.build/Objects-normal/arm64/RevenueCat.SwiftConstValuesFileList --force --compile-time-extraction --deployment-aware-processing --validate-assistant-intents --no-app-shortcuts-localization
2026-04-15 15:39:45.452 appintentsmetadataprocessor[77508:3246561] Starting appintentsmetadataprocessor export
2026-04-15 15:39:45.657 appintentsmetadataprocessor[77508:3246561] Extracted no relevant App Intents symbols, skipping writing output

RegisterExecutionPolicyException /Users/jahroinimo/Library/Developer/Xcode/DerivedData/HOOKFLOW-gcddfsyjvyrryddlddufhwcsokbp/Build/Products/Debug-iphoneos/RevenueCat.o (in target 'RevenueCat' from project 'RevenueCat')
    cd /Users/jahroinimo/Library/Developer/Xcode/DerivedData/HOOKFLOW-gcddfsyjvyrryddlddufhwcsokbp/SourcePackages/checkouts/purchases-ios
    builtin-RegisterExecutionPolicyException /Users/jahroinimo/Library/Developer/Xcode/DerivedData/HOOKFLOW-gcddfsyjvyrryddlddufhwcsokbp/Build/Products/Debug-iphoneos/RevenueCat.o

SwiftEmitModule normal arm64 Emitting\ module\ for\ HOOKFLOW (in target 'HOOKFLOW' from project 'HOOKFLOW')

EmitSwiftModule normal arm64 (in target 'HOOKFLOW' from project 'HOOKFLOW')
    cd /Users/jahroinimo/Desktop/my\ apps/HOOKFLOW-PROJECT/HOOKFLOW
    

SwiftCompile normal arm64 Compiling\ TemplateBuilderView.swift /Users/jahroinimo/Desktop/my\ apps/HOOKFLOW-PROJECT/HOOKFLOW/Features/Scripts/TemplateBuilderView.swift (in target 'HOOKFLOW' from project 'HOOKFLOW')

SwiftCompile normal arm64 /Users/jahroinimo/Desktop/my\ apps/HOOKFLOW-PROJECT/HOOKFLOW/Features/Scripts/TemplateBuilderView.swift (in target 'HOOKFLOW' from project 'HOOKFLOW')
    cd /Users/jahroinimo/Desktop/my\ apps/HOOKFLOW-PROJECT/HOOKFLOW
    

SwiftDriverJobDiscovery normal arm64 Compiling TemplateBuilderView.swift (in target 'HOOKFLOW' from project 'HOOKFLOW')

SwiftCompile normal arm64 Compiling\ DashboardView.swift /Users/jahroinimo/Desktop/my\ apps/HOOKFLOW-PROJECT/HOOKFLOW/Features/Dashboard/DashboardView.swift (in target 'HOOKFLOW' from project 'HOOKFLOW')
SwiftCompile normal arm64 /Users/jahroinimo/Desktop/my\ apps/HOOKFLOW-PROJECT/HOOKFLOW/Features/Dashboard/DashboardView.swift (in target 'HOOKFLOW' from project 'HOOKFLOW')
    cd /Users/jahroinimo/Desktop/my\ apps/HOOKFLOW-PROJECT/HOOKFLOW
    

SwiftDriverJobDiscovery normal arm64 Emitting module for HOOKFLOW (in target 'HOOKFLOW' from project 'HOOKFLOW')

SwiftDriver\ Compilation\ Requirements HOOKFLOW normal arm64 com.apple.xcode.tools.swift.compiler (in target 'HOOKFLOW' from project 'HOOKFLOW')
    cd /Users/jahroinimo/Desktop/my\ apps/HOOKFLOW-PROJECT/HOOKFLOW
    builtin-Swift-Compilation-Requirements -- /Applications/Xcode.app/Contents/Developer/Toolchains/XcodeDefault.xctoolchain/usr/bin/swiftc -module-name HOOKFLOW -Onone -enforce-exclusivity\=checked @/Users/jahroinimo/Library/Developer/Xcode/DerivedData/HOOKFLOW-gcddfsyjvyrryddlddufhwcsokbp/Build/Intermediates.noindex/HOOKFLOW.build/Debug-iphoneos/HOOKFLOW.build/Objects-normal/arm64/HOOKFLOW.SwiftFileList -DDEBUG -enable-experimental-feature DebugDescriptionMacro -sdk /Applications/Xcode.app/Contents/Developer/Platforms/iPhoneOS.platform/Developer/SDKs/iPhoneOS26.2.sdk -target arm64-apple-ios17.0 -g -module-cache-path /Users/jahroinimo/Library/Developer/Xcode/DerivedData/ModuleCache.noindex -Xfrontend -serialize-debugging-options -profile-coverage-mapping -profile-generate -enable-testing -index-store-path /Users/jahroinimo/Library/Developer/Xcode/DerivedData/HOOKFLOW-gcddfsyjvyrryddlddufhwcsokbp/Index.noindex/DataStore -Xcc -D_LIBCPP_HARDENING_MODE\=_LIBCPP_HARDENING_MODE_DEBUG -swift-version 6 -I /Users/jahroinimo/Library/Developer/Xcode/DerivedData/HOOKFLOW-gcddfsyjvyrryddlddufhwcsokbp/Build/Products/Debug-iphoneos -F /Users/jahroinimo/Library/Developer/Xcode/DerivedData/HOOKFLOW-gcddfsyjvyrryddlddufhwcsokbp/Build/Products/Debug-iphoneos/PackageFrameworks -F /Users/jahroinimo/Library/Developer/Xcode/DerivedData/HOOKFLOW-gcddfsyjvyrryddlddufhwcsokbp/Build/Products/Debug-iphoneos -emit-localized-strings -emit-localized-strings-path /Users/jahroinimo/Library/Developer/Xcode/DerivedData/HOOKFLOW-gcddfsyjvyrryddlddufhwcsokbp/Build/Intermediates.noindex/HOOKFLOW.build/Debug-iphoneos/HOOKFLOW.build/Objects-normal/arm64 -c -j10 -enable-batch-mode -incremental -Xcc -ivfsstatcache -Xcc /Users/jahroinimo/Library/Developer/Xcode/DerivedData/SDKStatCaches.noindex/iphoneos26.2-23C57-3794476bd08197c3e2abd9bb477ef7f7.sdkstatcache -output-file-map /Users/jahroinimo/Library/Developer/Xcode/DerivedData/HOOKFLOW-gcddfsyjvyrryddlddufhwcsokbp/Build/Intermediates.noindex/HOOKFLOW.build/Debug-iphoneos/HOOKFLOW.build/Objects-normal/arm64/HOOKFLOW-OutputFileMap.json -use-frontend-parseable-output -save-temps -no-color-diagnostics -explicit-module-build -module-cache-path /Users/jahroinimo/Library/Developer/Xcode/DerivedData/HOOKFLOW-gcddfsyjvyrryddlddufhwcsokbp/Build/Intermediates.noindex/SwiftExplicitPrecompiledModules -clang-scanner-module-cache-path /Users/jahroinimo/Library/Developer/Xcode/DerivedData/ModuleCache.noindex -sdk-module-cache-path /Users/jahroinimo/Library/Developer/Xcode/DerivedData/ModuleCache.noindex -serialize-diagnostics -emit-dependencies -emit-module -emit-module-path /Users/jahroinimo/Library/Developer/Xcode/DerivedData/HOOKFLOW-gcddfsyjvyrryddlddufhwcsokbp/Build/Intermediates.noindex/HOOKFLOW.build/Debug-iphoneos/HOOKFLOW.build/Objects-normal/arm64/HOOKFLOW.swiftmodule -validate-clang-modules-once -clang-build-session-file /Users/jahroinimo/Library/Developer/Xcode/DerivedData/ModuleCache.noindex/Session.modulevalidation -Xcc -I/Users/jahroinimo/Library/Developer/Xcode/DerivedData/HOOKFLOW-gcddfsyjvyrryddlddufhwcsokbp/Build/Intermediates.noindex/HOOKFLOW.build/Debug-iphoneos/HOOKFLOW.build/swift-overrides.hmap -emit-const-values -Xfrontend -const-gather-protocols-file -Xfrontend /Users/jahroinimo/Library/Developer/Xcode/DerivedData/HOOKFLOW-gcddfsyjvyrryddlddufhwcsokbp/Build/Intermediates.noindex/HOOKFLOW.build/Debug-iphoneos/HOOKFLOW.build/Objects-normal/arm64/HOOKFLOW_const_extract_protocols.json -Xcc -iquote -Xcc /Users/jahroinimo/Library/Developer/Xcode/DerivedData/HOOKFLOW-gcddfsyjvyrryddlddufhwcsokbp/Build/Intermediates.noindex/HOOKFLOW.build/Debug-iphoneos/HOOKFLOW.build/HOOKFLOW-generated-files.hmap -Xcc -I/Users/jahroinimo/Library/Developer/Xcode/DerivedData/HOOKFLOW-gcddfsyjvyrryddlddufhwcsokbp/Build/Intermediates.noindex/HOOKFLOW.build/Debug-iphoneos/HOOKFLOW.build/HOOKFLOW-own-target-headers.hmap -Xcc -I/Users/jahroinimo/Library/Developer/Xcode/DerivedData/HOOKFLOW-gcddfsyjvyrryddlddufhwcsokbp/Build/Intermediates.noindex/HOOKFLOW.build/Debug-iphoneos/HOOKFLOW.build/HOOKFLOW-all-non-framework-target-headers.hmap -Xcc -ivfsoverlay -Xcc /Users/jahroinimo/Library/Developer/Xcode/DerivedData/HOOKFLOW-gcddfsyjvyrryddlddufhwcsokbp/Build/Intermediates.noindex/HOOKFLOW.build/Debug-iphoneos/HOOKFLOW-504d7c2ea74e70f92f3016821e644e69-VFS-iphoneos/all-product-headers.yaml -Xcc -iquote -Xcc /Users/jahroinimo/Library/Developer/Xcode/DerivedData/HOOKFLOW-gcddfsyjvyrryddlddufhwcsokbp/Build/Intermediates.noindex/HOOKFLOW.build/Debug-iphoneos/HOOKFLOW.build/HOOKFLOW-project-headers.hmap -Xcc -I/Users/jahroinimo/Library/Developer/Xcode/DerivedData/HOOKFLOW-gcddfsyjvyrryddlddufhwcsokbp/Build/Products/Debug-iphoneos/include -Xcc -I/Users/jahroinimo/Library/Developer/Xcode/DerivedData/HOOKFLOW-gcddfsyjvyrryddlddufhwcsokbp/Build/Intermediates.noindex/HOOKFLOW.build/Debug-iphoneos/HOOKFLOW.build/DerivedSources-normal/arm64 -Xcc -I/Users/jahroinimo/Library/Developer/Xcode/DerivedData/HOOKFLOW-gcddfsyjvyrryddlddufhwcsokbp/Build/Intermediates.noindex/HOOKFLOW.build/Debug-iphoneos/HOOKFLOW.build/DerivedSources/arm64 -Xcc -I/Users/jahroinimo/Library/Developer/Xcode/DerivedData/HOOKFLOW-gcddfsyjvyrryddlddufhwcsokbp/Build/Intermediates.noindex/HOOKFLOW.build/Debug-iphoneos/HOOKFLOW.build/DerivedSources -Xcc -DDEBUG\=1 -emit-objc-header -emit-objc-header-path /Users/jahroinimo/Library/Developer/Xcode/DerivedData/HOOKFLOW-gcddfsyjvyrryddlddufhwcsokbp/Build/Intermediates.noindex/HOOKFLOW.build/Debug-iphoneos/HOOKFLOW.build/Objects-normal/arm64/HOOKFLOW-Swift.h -working-directory /Users/jahroinimo/Desktop/my\ apps/HOOKFLOW-PROJECT/HOOKFLOW -experimental-emit-module-separately -disable-cmo

SwiftDriverJobDiscovery normal arm64 Compiling DashboardView.swift (in target 'HOOKFLOW' from project 'HOOKFLOW')

SwiftDriver\ Compilation HOOKFLOW normal arm64 com.apple.xcode.tools.swift.compiler (in target 'HOOKFLOW' from project 'HOOKFLOW')
    cd /Users/jahroinimo/Desktop/my\ apps/HOOKFLOW-PROJECT/HOOKFLOW
    builtin-Swift-Compilation -- /Applications/Xcode.app/Contents/Developer/Toolchains/XcodeDefault.xctoolchain/usr/bin/swiftc -module-name HOOKFLOW -Onone -enforce-exclusivity\=checked @/Users/jahroinimo/Library/Developer/Xcode/DerivedData/HOOKFLOW-gcddfsyjvyrryddlddufhwcsokbp/Build/Intermediates.noindex/HOOKFLOW.build/Debug-iphoneos/HOOKFLOW.build/Objects-normal/arm64/HOOKFLOW.SwiftFileList -DDEBUG -enable-experimental-feature DebugDescriptionMacro -sdk /Applications/Xcode.app/Contents/Developer/Platforms/iPhoneOS.platform/Developer/SDKs/iPhoneOS26.2.sdk -target arm64-apple-ios17.0 -g -module-cache-path /Users/jahroinimo/Library/Developer/Xcode/DerivedData/ModuleCache.noindex -Xfrontend -serialize-debugging-options -profile-coverage-mapping -profile-generate -enable-testing -index-store-path /Users/jahroinimo/Library/Developer/Xcode/DerivedData/HOOKFLOW-gcddfsyjvyrryddlddufhwcsokbp/Index.noindex/DataStore -Xcc -D_LIBCPP_HARDENING_MODE\=_LIBCPP_HARDENING_MODE_DEBUG -swift-version 6 -I /Users/jahroinimo/Library/Developer/Xcode/DerivedData/HOOKFLOW-gcddfsyjvyrryddlddufhwcsokbp/Build/Products/Debug-iphoneos -F /Users/jahroinimo/Library/Developer/Xcode/DerivedData/HOOKFLOW-gcddfsyjvyrryddlddufhwcsokbp/Build/Products/Debug-iphoneos/PackageFrameworks -F /Users/jahroinimo/Library/Developer/Xcode/DerivedData/HOOKFLOW-gcddfsyjvyrryddlddufhwcsokbp/Build/Products/Debug-iphoneos -emit-localized-strings -emit-localized-strings-path /Users/jahroinimo/Library/Developer/Xcode/DerivedData/HOOKFLOW-gcddfsyjvyrryddlddufhwcsokbp/Build/Intermediates.noindex/HOOKFLOW.build/Debug-iphoneos/HOOKFLOW.build/Objects-normal/arm64 -c -j10 -enable-batch-mode -incremental -Xcc -ivfsstatcache -Xcc /Users/jahroinimo/Library/Developer/Xcode/DerivedData/SDKStatCaches.noindex/iphoneos26.2-23C57-3794476bd08197c3e2abd9bb477ef7f7.sdkstatcache -output-file-map /Users/jahroinimo/Library/Developer/Xcode/DerivedData/HOOKFLOW-gcddfsyjvyrryddlddufhwcsokbp/Build/Intermediates.noindex/HOOKFLOW.build/Debug-iphoneos/HOOKFLOW.build/Objects-normal/arm64/HOOKFLOW-OutputFileMap.json -use-frontend-parseable-output -save-temps -no-color-diagnostics -explicit-module-build -module-cache-path /Users/jahroinimo/Library/Developer/Xcode/DerivedData/HOOKFLOW-gcddfsyjvyrryddlddufhwcsokbp/Build/Intermediates.noindex/SwiftExplicitPrecompiledModules -clang-scanner-module-cache-path /Users/jahroinimo/Library/Developer/Xcode/DerivedData/ModuleCache.noindex -sdk-module-cache-path /Users/jahroinimo/Library/Developer/Xcode/DerivedData/ModuleCache.noindex -serialize-diagnostics -emit-dependencies -emit-module -emit-module-path /Users/jahroinimo/Library/Developer/Xcode/DerivedData/HOOKFLOW-gcddfsyjvyrryddlddufhwcsokbp/Build/Intermediates.noindex/HOOKFLOW.build/Debug-iphoneos/HOOKFLOW.build/Objects-normal/arm64/HOOKFLOW.swiftmodule -validate-clang-modules-once -clang-build-session-file /Users/jahroinimo/Library/Developer/Xcode/DerivedData/ModuleCache.noindex/Session.modulevalidation -Xcc -I/Users/jahroinimo/Library/Developer/Xcode/DerivedData/HOOKFLOW-gcddfsyjvyrryddlddufhwcsokbp/Build/Intermediates.noindex/HOOKFLOW.build/Debug-iphoneos/HOOKFLOW.build/swift-overrides.hmap -emit-const-values -Xfrontend -const-gather-protocols-file -Xfrontend /Users/jahroinimo/Library/Developer/Xcode/DerivedData/HOOKFLOW-gcddfsyjvyrryddlddufhwcsokbp/Build/Intermediates.noindex/HOOKFLOW.build/Debug-iphoneos/HOOKFLOW.build/Objects-normal/arm64/HOOKFLOW_const_extract_protocols.json -Xcc -iquote -Xcc /Users/jahroinimo/Library/Developer/Xcode/DerivedData/HOOKFLOW-gcddfsyjvyrryddlddufhwcsokbp/Build/Intermediates.noindex/HOOKFLOW.build/Debug-iphoneos/HOOKFLOW.build/HOOKFLOW-generated-files.hmap -Xcc -I/Users/jahroinimo/Library/Developer/Xcode/DerivedData/HOOKFLOW-gcddfsyjvyrryddlddufhwcsokbp/Build/Intermediates.noindex/HOOKFLOW.build/Debug-iphoneos/HOOKFLOW.build/HOOKFLOW-own-target-headers.hmap -Xcc -I/Users/jahroinimo/Library/Developer/Xcode/DerivedData/HOOKFLOW-gcddfsyjvyrryddlddufhwcsokbp/Build/Intermediates.noindex/HOOKFLOW.build/Debug-iphoneos/HOOKFLOW.build/HOOKFLOW-all-non-framework-target-headers.hmap -Xcc -ivfsoverlay -Xcc /Users/jahroinimo/Library/Developer/Xcode/DerivedData/HOOKFLOW-gcddfsyjvyrryddlddufhwcsokbp/Build/Intermediates.noindex/HOOKFLOW.build/Debug-iphoneos/HOOKFLOW-504d7c2ea74e70f92f3016821e644e69-VFS-iphoneos/all-product-headers.yaml -Xcc -iquote -Xcc /Users/jahroinimo/Library/Developer/Xcode/DerivedData/HOOKFLOW-gcddfsyjvyrryddlddufhwcsokbp/Build/Intermediates.noindex/HOOKFLOW.build/Debug-iphoneos/HOOKFLOW.build/HOOKFLOW-project-headers.hmap -Xcc -I/Users/jahroinimo/Library/Developer/Xcode/DerivedData/HOOKFLOW-gcddfsyjvyrryddlddufhwcsokbp/Build/Products/Debug-iphoneos/include -Xcc -I/Users/jahroinimo/Library/Developer/Xcode/DerivedData/HOOKFLOW-gcddfsyjvyrryddlddufhwcsokbp/Build/Intermediates.noindex/HOOKFLOW.build/Debug-iphoneos/HOOKFLOW.build/DerivedSources-normal/arm64 -Xcc -I/Users/jahroinimo/Library/Developer/Xcode/DerivedData/HOOKFLOW-gcddfsyjvyrryddlddufhwcsokbp/Build/Intermediates.noindex/HOOKFLOW.build/Debug-iphoneos/HOOKFLOW.build/DerivedSources/arm64 -Xcc -I/Users/jahroinimo/Library/Developer/Xcode/DerivedData/HOOKFLOW-gcddfsyjvyrryddlddufhwcsokbp/Build/Intermediates.noindex/HOOKFLOW.build/Debug-iphoneos/HOOKFLOW.build/DerivedSources -Xcc -DDEBUG\=1 -emit-objc-header -emit-objc-header-path /Users/jahroinimo/Library/Developer/Xcode/DerivedData/HOOKFLOW-gcddfsyjvyrryddlddufhwcsokbp/Build/Intermediates.noindex/HOOKFLOW.build/Debug-iphoneos/HOOKFLOW.build/Objects-normal/arm64/HOOKFLOW-Swift.h -working-directory /Users/jahroinimo/Desktop/my\ apps/HOOKFLOW-PROJECT/HOOKFLOW -experimental-emit-module-separately -disable-cmo

Ld /Users/jahroinimo/Library/Developer/Xcode/DerivedData/HOOKFLOW-gcddfsyjvyrryddlddufhwcsokbp/Build/Products/Debug-iphoneos/HOOKFLOW.app/HOOKFLOW.debug.dylib normal (in target 'HOOKFLOW' from project 'HOOKFLOW')
    cd /Users/jahroinimo/Desktop/my\ apps/HOOKFLOW-PROJECT/HOOKFLOW
    /Applications/Xcode.app/Contents/Developer/Toolchains/XcodeDefault.xctoolchain/usr/bin/clang -Xlinker -reproducible -target arm64-apple-ios17.0 -dynamiclib -isysroot /Applications/Xcode.app/Contents/Developer/Platforms/iPhoneOS.platform/Developer/SDKs/iPhoneOS26.2.sdk -O0 -L/Users/jahroinimo/Library/Developer/Xcode/DerivedData/HOOKFLOW-gcddfsyjvyrryddlddufhwcsokbp/Build/Intermediates.noindex/EagerLinkingTBDs/Debug-iphoneos -L/Users/jahroinimo/Library/Developer/Xcode/DerivedData/HOOKFLOW-gcddfsyjvyrryddlddufhwcsokbp/Build/Products/Debug-iphoneos -F/Users/jahroinimo/Library/Developer/Xcode/DerivedData/HOOKFLOW-gcddfsyjvyrryddlddufhwcsokbp/Build/Intermediates.noindex/EagerLinkingTBDs/Debug-iphoneos -F/Users/jahroinimo/Library/Developer/Xcode/DerivedData/HOOKFLOW-gcddfsyjvyrryddlddufhwcsokbp/Build/Products/Debug-iphoneos/PackageFrameworks -F/Users/jahroinimo/Library/Developer/Xcode/DerivedData/HOOKFLOW-gcddfsyjvyrryddlddufhwcsokbp/Build/Products/Debug-iphoneos -filelist /Users/jahroinimo/Library/Developer/Xcode/DerivedData/HOOKFLOW-gcddfsyjvyrryddlddufhwcsokbp/Build/Intermediates.noindex/HOOKFLOW.build/Debug-iphoneos/HOOKFLOW.build/Objects-normal/arm64/HOOKFLOW.LinkFileList -install_name @rpath/HOOKFLOW.debug.dylib -Xlinker -rpath -Xlinker /usr/lib/swift -Xlinker -rpath -Xlinker /Users/jahroinimo/Library/Developer/Xcode/DerivedData/HOOKFLOW-gcddfsyjvyrryddlddufhwcsokbp/Build/Products/Debug-iphoneos/PackageFrameworks -Xlinker -rpath -Xlinker @executable_path/Frameworks -dead_strip -Xlinker -object_path_lto -Xlinker /Users/jahroinimo/Library/Developer/Xcode/DerivedData/HOOKFLOW-gcddfsyjvyrryddlddufhwcsokbp/Build/Intermediates.noindex/HOOKFLOW.build/Debug-iphoneos/HOOKFLOW.build/Objects-normal/arm64/HOOKFLOW_lto.o -rdynamic -Xlinker -no_deduplicate -Xlinker -debug_variant -Xlinker -dependency_info -Xlinker /Users/jahroinimo/Library/Developer/Xcode/DerivedData/HOOKFLOW-gcddfsyjvyrryddlddufhwcsokbp/Build/Intermediates.noindex/HOOKFLOW.build/Debug-iphoneos/HOOKFLOW.build/Objects-normal/arm64/HOOKFLOW_dependency_info.dat -fobjc-link-runtime -fprofile-instr-generate -L/Applications/Xcode.app/Contents/Developer/Toolchains/XcodeDefault.xctoolchain/usr/lib/swift/iphoneos -L/usr/lib/swift -Xlinker -add_ast_path -Xlinker /Users/jahroinimo/Library/Developer/Xcode/DerivedData/HOOKFLOW-gcddfsyjvyrryddlddufhwcsokbp/Build/Intermediates.noindex/HOOKFLOW.build/Debug-iphoneos/HOOKFLOW.build/Objects-normal/arm64/HOOKFLOW.swiftmodule @/Users/jahroinimo/Library/Developer/Xcode/DerivedData/HOOKFLOW-gcddfsyjvyrryddlddufhwcsokbp/Build/Intermediates.noindex/HOOKFLOW.build/Debug-iphoneos/HOOKFLOW.build/Objects-normal/arm64/HOOKFLOW-linker-args.resp -Wl,-no_warn_duplicate_libraries -Xlinker -alias -Xlinker _main -Xlinker ___debug_main_executable_dylib_entry_point -Xlinker -no_adhoc_codesign -o /Users/jahroinimo/Library/Developer/Xcode/DerivedData/HOOKFLOW-gcddfsyjvyrryddlddufhwcsokbp/Build/Products/Debug-iphoneos/HOOKFLOW.app/HOOKFLOW.debug.dylib -Xlinker -add_ast_path -Xlinker /Users/jahroinimo/Library/Developer/Xcode/DerivedData/HOOKFLOW-gcddfsyjvyrryddlddufhwcsokbp/Build/Intermediates.noindex/RevenueCat.build/Debug-iphoneos/RevenueCat.build/Objects-normal/arm64/RevenueCat.swiftmodule @/Users/jahroinimo/Library/Developer/Xcode/DerivedData/HOOKFLOW-gcddfsyjvyrryddlddufhwcsokbp/Build/Intermediates.noindex/RevenueCat.build/Debug-iphoneos/RevenueCat.build/Objects-normal/arm64/RevenueCat-linker-args.resp

Ld /Users/jahroinimo/Library/Developer/Xcode/DerivedData/HOOKFLOW-gcddfsyjvyrryddlddufhwcsokbp/Build/Products/Debug-iphoneos/HOOKFLOW.app/__preview.dylib normal (in target 'HOOKFLOW' from project 'HOOKFLOW')
    cd /Users/jahroinimo/Desktop/my\ apps/HOOKFLOW-PROJECT/HOOKFLOW
    /Applications/Xcode.app/Contents/Developer/Toolchains/XcodeDefault.xctoolchain/usr/bin/clang -Xlinker -reproducible -target arm64-apple-ios17.0 -dynamiclib -isysroot /Applications/Xcode.app/Contents/Developer/Platforms/iPhoneOS.platform/Developer/SDKs/iPhoneOS26.2.sdk -O0 -L/Users/jahroinimo/Library/Developer/Xcode/DerivedData/HOOKFLOW-gcddfsyjvyrryddlddufhwcsokbp/Build/Products/Debug-iphoneos -F/Users/jahroinimo/Library/Developer/Xcode/DerivedData/HOOKFLOW-gcddfsyjvyrryddlddufhwcsokbp/Build/Products/Debug-iphoneos/PackageFrameworks -F/Users/jahroinimo/Library/Developer/Xcode/DerivedData/HOOKFLOW-gcddfsyjvyrryddlddufhwcsokbp/Build/Products/Debug-iphoneos -install_name @rpath/HOOKFLOW.debug.dylib -dead_strip -rdynamic -Xlinker -no_deduplicate -Xlinker -debug_variant -Xlinker -dependency_info -Xlinker /Users/jahroinimo/Library/Developer/Xcode/DerivedData/HOOKFLOW-gcddfsyjvyrryddlddufhwcsokbp/Build/Intermediates.noindex/HOOKFLOW.build/Debug-iphoneos/HOOKFLOW.build/Objects-normal/arm64/HOOKFLOW_dependency_info.dat -Xlinker -no_adhoc_codesign -o /Users/jahroinimo/Library/Developer/Xcode/DerivedData/HOOKFLOW-gcddfsyjvyrryddlddufhwcsokbp/Build/Products/Debug-iphoneos/HOOKFLOW.app/__preview.dylib

Copy /Users/jahroinimo/Library/Developer/Xcode/DerivedData/HOOKFLOW-gcddfsyjvyrryddlddufhwcsokbp/Build/Products/Debug-iphoneos/HOOKFLOW.swiftmodule/arm64-apple-ios.swiftmodule /Users/jahroinimo/Library/Developer/Xcode/DerivedData/HOOKFLOW-gcddfsyjvyrryddlddufhwcsokbp/Build/Intermediates.noindex/HOOKFLOW.build/Debug-iphoneos/HOOKFLOW.build/Objects-normal/arm64/HOOKFLOW.swiftmodule (in target 'HOOKFLOW' from project 'HOOKFLOW')
    cd /Users/jahroinimo/Desktop/my\ apps/HOOKFLOW-PROJECT/HOOKFLOW
    builtin-copy -exclude .DS_Store -exclude CVS -exclude .svn -exclude .git -exclude .hg -resolve-src-symlinks -rename /Users/jahroinimo/Library/Developer/Xcode/DerivedData/HOOKFLOW-gcddfsyjvyrryddlddufhwcsokbp/Build/Intermediates.noindex/HOOKFLOW.build/Debug-iphoneos/HOOKFLOW.build/Objects-normal/arm64/HOOKFLOW.swiftmodule /Users/jahroinimo/Library/Developer/Xcode/DerivedData/HOOKFLOW-gcddfsyjvyrryddlddufhwcsokbp/Build/Products/Debug-iphoneos/HOOKFLOW.swiftmodule/arm64-apple-ios.swiftmodule

Copy /Users/jahroinimo/Library/Developer/Xcode/DerivedData/HOOKFLOW-gcddfsyjvyrryddlddufhwcsokbp/Build/Products/Debug-iphoneos/HOOKFLOW.swiftmodule/arm64-apple-ios.abi.json /Users/jahroinimo/Library/Developer/Xcode/DerivedData/HOOKFLOW-gcddfsyjvyrryddlddufhwcsokbp/Build/Intermediates.noindex/HOOKFLOW.build/Debug-iphoneos/HOOKFLOW.build/Objects-normal/arm64/HOOKFLOW.abi.json (in target 'HOOKFLOW' from project 'HOOKFLOW')
    cd /Users/jahroinimo/Desktop/my\ apps/HOOKFLOW-PROJECT/HOOKFLOW
    builtin-copy -exclude .DS_Store -exclude CVS -exclude .svn -exclude .git -exclude .hg -resolve-src-symlinks -rename /Users/jahroinimo/Library/Developer/Xcode/DerivedData/HOOKFLOW-gcddfsyjvyrryddlddufhwcsokbp/Build/Intermediates.noindex/HOOKFLOW.build/Debug-iphoneos/HOOKFLOW.build/Objects-normal/arm64/HOOKFLOW.abi.json /Users/jahroinimo/Library/Developer/Xcode/DerivedData/HOOKFLOW-gcddfsyjvyrryddlddufhwcsokbp/Build/Products/Debug-iphoneos/HOOKFLOW.swiftmodule/arm64-apple-ios.abi.json

Copy /Users/jahroinimo/Library/Developer/Xcode/DerivedData/HOOKFLOW-gcddfsyjvyrryddlddufhwcsokbp/Build/Products/Debug-iphoneos/HOOKFLOW.swiftmodule/Project/arm64-apple-ios.swiftsourceinfo /Users/jahroinimo/Library/Developer/Xcode/DerivedData/HOOKFLOW-gcddfsyjvyrryddlddufhwcsokbp/Build/Intermediates.noindex/HOOKFLOW.build/Debug-iphoneos/HOOKFLOW.build/Objects-normal/arm64/HOOKFLOW.swiftsourceinfo (in target 'HOOKFLOW' from project 'HOOKFLOW')
    cd /Users/jahroinimo/Desktop/my\ apps/HOOKFLOW-PROJECT/HOOKFLOW
    builtin-copy -exclude .DS_Store -exclude CVS -exclude .svn -exclude .git -exclude .hg -resolve-src-symlinks -rename /Users/jahroinimo/Library/Developer/Xcode/DerivedData/HOOKFLOW-gcddfsyjvyrryddlddufhwcsokbp/Build/Intermediates.noindex/HOOKFLOW.build/Debug-iphoneos/HOOKFLOW.build/Objects-normal/arm64/HOOKFLOW.swiftsourceinfo /Users/jahroinimo/Library/Developer/Xcode/DerivedData/HOOKFLOW-gcddfsyjvyrryddlddufhwcsokbp/Build/Products/Debug-iphoneos/HOOKFLOW.swiftmodule/Project/arm64-apple-ios.swiftsourceinfo

CompileAssetCatalogVariant thinned /Users/jahroinimo/Library/Developer/Xcode/DerivedData/HOOKFLOW-gcddfsyjvyrryddlddufhwcsokbp/Build/Products/Debug-iphoneos/HOOKFLOW.app /Users/jahroinimo/Desktop/my\ apps/HOOKFLOW-PROJECT/HOOKFLOW/App/Assets.xcassets (in target 'HOOKFLOW' from project 'HOOKFLOW')
    cd /Users/jahroinimo/Desktop/my\ apps/HOOKFLOW-PROJECT/HOOKFLOW
    /Applications/Xcode.app/Contents/Developer/usr/bin/actool /Users/jahroinimo/Desktop/my\ apps/HOOKFLOW-PROJECT/HOOKFLOW/App/Assets.xcassets --compile /Users/jahroinimo/Library/Developer/Xcode/DerivedData/HOOKFLOW-gcddfsyjvyrryddlddufhwcsokbp/Build/Intermediates.noindex/HOOKFLOW.build/Debug-iphoneos/HOOKFLOW.build/assetcatalog_output/thinned --output-format human-readable-text --notices --warnings --export-dependency-info /Users/jahroinimo/Library/Developer/Xcode/DerivedData/HOOKFLOW-gcddfsyjvyrryddlddufhwcsokbp/Build/Intermediates.noindex/HOOKFLOW.build/Debug-iphoneos/HOOKFLOW.build/assetcatalog_dependencies_thinned --output-partial-info-plist /Users/jahroinimo/Library/Developer/Xcode/DerivedData/HOOKFLOW-gcddfsyjvyrryddlddufhwcsokbp/Build/Intermediates.noindex/HOOKFLOW.build/Debug-iphoneos/HOOKFLOW.build/assetcatalog_generated_info.plist_thinned --app-icon AppIcon --accent-color AccentColor --compress-pngs --enable-on-demand-resources YES --development-region en --target-device iphone --target-device ipad --minimum-deployment-target 17.0 --platform iphoneos
/* com.apple.actool.document.notices */
/Users/jahroinimo/Desktop/my apps/HOOKFLOW-PROJECT/HOOKFLOW/App/Assets.xcassets:./AppIcon.appiconset/[][ipad][76x76][][][1x][][][][]: notice: 76x76@1x app icons only apply to iPad apps targeting releases of iOS prior to 10.0.
/* com.apple.actool.compilation-results */
/Users/jahroinimo/Library/Developer/Xcode/DerivedData/HOOKFLOW-gcddfsyjvyrryddlddufhwcsokbp/Build/Intermediates.noindex/HOOKFLOW.build/Debug-iphoneos/HOOKFLOW.build/assetcatalog_generated_info.plist_thinned
/Users/jahroinimo/Library/Developer/Xcode/DerivedData/HOOKFLOW-gcddfsyjvyrryddlddufhwcsokbp/Build/Intermediates.noindex/HOOKFLOW.build/Debug-iphoneos/HOOKFLOW.build/assetcatalog_output/thinned/AppIcon60x60@2x.png
/Users/jahroinimo/Library/Developer/Xcode/DerivedData/HOOKFLOW-gcddfsyjvyrryddlddufhwcsokbp/Build/Intermediates.noindex/HOOKFLOW.build/Debug-iphoneos/HOOKFLOW.build/assetcatalog_output/thinned/AppIcon76x76@2x~ipad.png
/Users/jahroinimo/Library/Developer/Xcode/DerivedData/HOOKFLOW-gcddfsyjvyrryddlddufhwcsokbp/Build/Intermediates.noindex/HOOKFLOW.build/Debug-iphoneos/HOOKFLOW.build/assetcatalog_output/thinned/Assets.car


ConstructStubExecutorLinkFileList /Users/jahroinimo/Library/Developer/Xcode/DerivedData/HOOKFLOW-gcddfsyjvyrryddlddufhwcsokbp/Build/Intermediates.noindex/HOOKFLOW.build/Debug-iphoneos/HOOKFLOW.build/HOOKFLOW-ExecutorLinkFileList-normal-arm64.txt (in target 'HOOKFLOW' from project 'HOOKFLOW')
    cd /Users/jahroinimo/Desktop/my\ apps/HOOKFLOW-PROJECT/HOOKFLOW
    construct-stub-executor-link-file-list /Users/jahroinimo/Library/Developer/Xcode/DerivedData/HOOKFLOW-gcddfsyjvyrryddlddufhwcsokbp/Build/Products/Debug-iphoneos/HOOKFLOW.app/HOOKFLOW.debug.dylib /Applications/Xcode.app/Contents/Developer/Platforms/iPhoneOS.platform/Developer/usr/lib/libPreviewsJITStubExecutor_no_swift_entry_point.a /Applications/Xcode.app/Contents/Developer/Platforms/iPhoneOS.platform/Developer/usr/lib/libPreviewsJITStubExecutor.a --output /Users/jahroinimo/Library/Developer/Xcode/DerivedData/HOOKFLOW-gcddfsyjvyrryddlddufhwcsokbp/Build/Intermediates.noindex/HOOKFLOW.build/Debug-iphoneos/HOOKFLOW.build/HOOKFLOW-ExecutorLinkFileList-normal-arm64.txt
note: Using stub executor library with Swift entry point. (in target 'HOOKFLOW' from project 'HOOKFLOW')

Ld /Users/jahroinimo/Library/Developer/Xcode/DerivedData/HOOKFLOW-gcddfsyjvyrryddlddufhwcsokbp/Build/Products/Debug-iphoneos/HOOKFLOW.app/HOOKFLOW normal (in target 'HOOKFLOW' from project 'HOOKFLOW')
    cd /Users/jahroinimo/Desktop/my\ apps/HOOKFLOW-PROJECT/HOOKFLOW
    /Applications/Xcode.app/Contents/Developer/Toolchains/XcodeDefault.xctoolchain/usr/bin/clang -Xlinker -reproducible -target arm64-apple-ios17.0 -isysroot /Applications/Xcode.app/Contents/Developer/Platforms/iPhoneOS.platform/Developer/SDKs/iPhoneOS26.2.sdk -O0 -L/Users/jahroinimo/Library/Developer/Xcode/DerivedData/HOOKFLOW-gcddfsyjvyrryddlddufhwcsokbp/Build/Products/Debug-iphoneos -F/Users/jahroinimo/Library/Developer/Xcode/DerivedData/HOOKFLOW-gcddfsyjvyrryddlddufhwcsokbp/Build/Products/Debug-iphoneos/PackageFrameworks -F/Users/jahroinimo/Library/Developer/Xcode/DerivedData/HOOKFLOW-gcddfsyjvyrryddlddufhwcsokbp/Build/Products/Debug-iphoneos -Xlinker -rpath -Xlinker @executable_path -Xlinker -rpath -Xlinker /Users/jahroinimo/Library/Developer/Xcode/DerivedData/HOOKFLOW-gcddfsyjvyrryddlddufhwcsokbp/Build/Products/Debug-iphoneos/PackageFrameworks -Xlinker -rpath -Xlinker @executable_path/Frameworks -rdynamic -Xlinker -no_deduplicate -Xlinker -debug_variant -e ___debug_blank_executor_main -Xlinker -sectcreate -Xlinker __TEXT -Xlinker __debug_dylib -Xlinker /Users/jahroinimo/Library/Developer/Xcode/DerivedData/HOOKFLOW-gcddfsyjvyrryddlddufhwcsokbp/Build/Intermediates.noindex/HOOKFLOW.build/Debug-iphoneos/HOOKFLOW.build/HOOKFLOW-DebugDylibPath-normal-arm64.txt -Xlinker -sectcreate -Xlinker __TEXT -Xlinker __debug_instlnm -Xlinker /Users/jahroinimo/Library/Developer/Xcode/DerivedData/HOOKFLOW-gcddfsyjvyrryddlddufhwcsokbp/Build/Intermediates.noindex/HOOKFLOW.build/Debug-iphoneos/HOOKFLOW.build/HOOKFLOW-DebugDylibInstallName-normal-arm64.txt -Xlinker -filelist -Xlinker /Users/jahroinimo/Library/Developer/Xcode/DerivedData/HOOKFLOW-gcddfsyjvyrryddlddufhwcsokbp/Build/Intermediates.noindex/HOOKFLOW.build/Debug-iphoneos/HOOKFLOW.build/HOOKFLOW-ExecutorLinkFileList-normal-arm64.txt /Users/jahroinimo/Library/Developer/Xcode/DerivedData/HOOKFLOW-gcddfsyjvyrryddlddufhwcsokbp/Build/Products/Debug-iphoneos/HOOKFLOW.app/HOOKFLOW.debug.dylib -Xlinker -no_adhoc_codesign -o /Users/jahroinimo/Library/Developer/Xcode/DerivedData/HOOKFLOW-gcddfsyjvyrryddlddufhwcsokbp/Build/Products/Debug-iphoneos/HOOKFLOW.app/HOOKFLOW

LinkAssetCatalog /Users/jahroinimo/Desktop/my\ apps/HOOKFLOW-PROJECT/HOOKFLOW/App/Assets.xcassets (in target 'HOOKFLOW' from project 'HOOKFLOW')
    cd /Users/jahroinimo/Desktop/my\ apps/HOOKFLOW-PROJECT/HOOKFLOW
    builtin-linkAssetCatalog --thinned /Users/jahroinimo/Library/Developer/Xcode/DerivedData/HOOKFLOW-gcddfsyjvyrryddlddufhwcsokbp/Build/Intermediates.noindex/HOOKFLOW.build/Debug-iphoneos/HOOKFLOW.build/assetcatalog_output/thinned --thinned-dependencies /Users/jahroinimo/Library/Developer/Xcode/DerivedData/HOOKFLOW-gcddfsyjvyrryddlddufhwcsokbp/Build/Intermediates.noindex/HOOKFLOW.build/Debug-iphoneos/HOOKFLOW.build/assetcatalog_dependencies_thinned --thinned-info-plist-content /Users/jahroinimo/Library/Developer/Xcode/DerivedData/HOOKFLOW-gcddfsyjvyrryddlddufhwcsokbp/Build/Intermediates.noindex/HOOKFLOW.build/Debug-iphoneos/HOOKFLOW.build/assetcatalog_generated_info.plist_thinned --unthinned /Users/jahroinimo/Library/Developer/Xcode/DerivedData/HOOKFLOW-gcddfsyjvyrryddlddufhwcsokbp/Build/Intermediates.noindex/HOOKFLOW.build/Debug-iphoneos/HOOKFLOW.build/assetcatalog_output/unthinned --unthinned-dependencies /Users/jahroinimo/Library/Developer/Xcode/DerivedData/HOOKFLOW-gcddfsyjvyrryddlddufhwcsokbp/Build/Intermediates.noindex/HOOKFLOW.build/Debug-iphoneos/HOOKFLOW.build/assetcatalog_dependencies_unthinned --unthinned-info-plist-content /Users/jahroinimo/Library/Developer/Xcode/DerivedData/HOOKFLOW-gcddfsyjvyrryddlddufhwcsokbp/Build/Intermediates.noindex/HOOKFLOW.build/Debug-iphoneos/HOOKFLOW.build/assetcatalog_generated_info.plist_unthinned --output /Users/jahroinimo/Library/Developer/Xcode/DerivedData/HOOKFLOW-gcddfsyjvyrryddlddufhwcsokbp/Build/Products/Debug-iphoneos/HOOKFLOW.app --plist-output /Users/jahroinimo/Library/Developer/Xcode/DerivedData/HOOKFLOW-gcddfsyjvyrryddlddufhwcsokbp/Build/Intermediates.noindex/HOOKFLOW.build/Debug-iphoneos/HOOKFLOW.build/assetcatalog_generated_info.plist
note: Emplaced /Users/jahroinimo/Library/Developer/Xcode/DerivedData/HOOKFLOW-gcddfsyjvyrryddlddufhwcsokbp/Build/Products/Debug-iphoneos/HOOKFLOW.app/AppIcon76x76@2x~ipad.png (in target 'HOOKFLOW' from project 'HOOKFLOW')
note: Emplaced /Users/jahroinimo/Library/Developer/Xcode/DerivedData/HOOKFLOW-gcddfsyjvyrryddlddufhwcsokbp/Build/Products/Debug-iphoneos/HOOKFLOW.app/AppIcon60x60@2x.png (in target 'HOOKFLOW' from project 'HOOKFLOW')
note: Emplaced /Users/jahroinimo/Library/Developer/Xcode/DerivedData/HOOKFLOW-gcddfsyjvyrryddlddufhwcsokbp/Build/Products/Debug-iphoneos/HOOKFLOW.app/Assets.car (in target 'HOOKFLOW' from project 'HOOKFLOW')

ExtractAppIntentsMetadata (in target 'HOOKFLOW' from project 'HOOKFLOW')
    cd /Users/jahroinimo/Desktop/my\ apps/HOOKFLOW-PROJECT/HOOKFLOW
    /Applications/Xcode.app/Contents/Developer/Toolchains/XcodeDefault.xctoolchain/usr/bin/appintentsmetadataprocessor --toolchain-dir /Applications/Xcode.app/Contents/Developer/Toolchains/XcodeDefault.xctoolchain --module-name HOOKFLOW --sdk-root /Applications/Xcode.app/Contents/Developer/Platforms/iPhoneOS.platform/Developer/SDKs/iPhoneOS26.2.sdk --xcode-version 17C529 --platform-family iOS --deployment-target 17.0 --bundle-identifier ios.startask.HOOKFLOW --output /Users/jahroinimo/Library/Developer/Xcode/DerivedData/HOOKFLOW-gcddfsyjvyrryddlddufhwcsokbp/Build/Products/Debug-iphoneos/HOOKFLOW.app --target-triple arm64-apple-ios17.0 --binary-file /Users/jahroinimo/Library/Developer/Xcode/DerivedData/HOOKFLOW-gcddfsyjvyrryddlddufhwcsokbp/Build/Products/Debug-iphoneos/HOOKFLOW.app/HOOKFLOW --dependency-file /Users/jahroinimo/Library/Developer/Xcode/DerivedData/HOOKFLOW-gcddfsyjvyrryddlddufhwcsokbp/Build/Intermediates.noindex/HOOKFLOW.build/Debug-iphoneos/HOOKFLOW.build/Objects-normal/arm64/HOOKFLOW_dependency_info.dat --stringsdata-file /Users/jahroinimo/Library/Developer/Xcode/DerivedData/HOOKFLOW-gcddfsyjvyrryddlddufhwcsokbp/Build/Intermediates.noindex/HOOKFLOW.build/Debug-iphoneos/HOOKFLOW.build/Objects-normal/arm64/ExtractedAppShortcutsMetadata.stringsdata --source-file-list /Users/jahroinimo/Library/Developer/Xcode/DerivedData/HOOKFLOW-gcddfsyjvyrryddlddufhwcsokbp/Build/Intermediates.noindex/HOOKFLOW.build/Debug-iphoneos/HOOKFLOW.build/Objects-normal/arm64/HOOKFLOW.SwiftFileList --metadata-file-list /Users/jahroinimo/Library/Developer/Xcode/DerivedData/HOOKFLOW-gcddfsyjvyrryddlddufhwcsokbp/Build/Intermediates.noindex/HOOKFLOW.build/Debug-iphoneos/HOOKFLOW.build/HOOKFLOW.DependencyMetadataFileList --static-metadata-file-list /Users/jahroinimo/Library/Developer/Xcode/DerivedData/HOOKFLOW-gcddfsyjvyrryddlddufhwcsokbp/Build/Intermediates.noindex/HOOKFLOW.build/Debug-iphoneos/HOOKFLOW.build/HOOKFLOW.DependencyStaticMetadataFileList --swift-const-vals-list /Users/jahroinimo/Library/Developer/Xcode/DerivedData/HOOKFLOW-gcddfsyjvyrryddlddufhwcsokbp/Build/Intermediates.noindex/HOOKFLOW.build/Debug-iphoneos/HOOKFLOW.build/Objects-normal/arm64/HOOKFLOW.SwiftConstValuesFileList --compile-time-extraction --deployment-aware-processing --validate-assistant-intents --no-app-shortcuts-localization
2026-04-15 15:39:54.323 appintentsmetadataprocessor[77688:3247404] Starting appintentsmetadataprocessor export
2026-04-15 15:39:54.324 appintentsmetadataprocessor[77688:3247404] warning: Metadata extraction skipped. No AppIntents.framework dependency found.

ProcessInfoPlistFile /Users/jahroinimo/Library/Developer/Xcode/DerivedData/HOOKFLOW-gcddfsyjvyrryddlddufhwcsokbp/Build/Products/Debug-iphoneos/HOOKFLOW.app/Info.plist /Users/jahroinimo/Desktop/my\ apps/HOOKFLOW-PROJECT/HOOKFLOW/Info.plist (in target 'HOOKFLOW' from project 'HOOKFLOW')
    cd /Users/jahroinimo/Desktop/my\ apps/HOOKFLOW-PROJECT/HOOKFLOW
    builtin-infoPlistUtility /Users/jahroinimo/Desktop/my\ apps/HOOKFLOW-PROJECT/HOOKFLOW/Info.plist -producttype com.apple.product-type.application -genpkginfo /Users/jahroinimo/Library/Developer/Xcode/DerivedData/HOOKFLOW-gcddfsyjvyrryddlddufhwcsokbp/Build/Products/Debug-iphoneos/HOOKFLOW.app/PkgInfo -expandbuildsettings -format binary -platform iphoneos -additionalcontentfile /Users/jahroinimo/Library/Developer/Xcode/DerivedData/HOOKFLOW-gcddfsyjvyrryddlddufhwcsokbp/Build/Intermediates.noindex/HOOKFLOW.build/Debug-iphoneos/HOOKFLOW.build/assetcatalog_generated_info.plist -scanforprivacyfile /Users/jahroinimo/Library/Developer/Xcode/DerivedData/HOOKFLOW-gcddfsyjvyrryddlddufhwcsokbp/Build/Products/Debug-iphoneos/HOOKFLOW.app/RevenueCat_RevenueCat.bundle -requiredArchitecture arm64 -o /Users/jahroinimo/Library/Developer/Xcode/DerivedData/HOOKFLOW-gcddfsyjvyrryddlddufhwcsokbp/Build/Products/Debug-iphoneos/HOOKFLOW.app/Info.plist

CopySwiftLibs /Users/jahroinimo/Library/Developer/Xcode/DerivedData/HOOKFLOW-gcddfsyjvyrryddlddufhwcsokbp/Build/Products/Debug-iphoneos/HOOKFLOW.app (in target 'HOOKFLOW' from project 'HOOKFLOW')
    cd /Users/jahroinimo/Desktop/my\ apps/HOOKFLOW-PROJECT/HOOKFLOW
    builtin-swiftStdLibTool --copy --verbose --sign F00D3685B19D28671F06EDA906DB1CC98FC0FB9E --scan-executable /Users/jahroinimo/Library/Developer/Xcode/DerivedData/HOOKFLOW-gcddfsyjvyrryddlddufhwcsokbp/Build/Products/Debug-iphoneos/HOOKFLOW.app/HOOKFLOW.debug.dylib --scan-folder /Users/jahroinimo/Library/Developer/Xcode/DerivedData/HOOKFLOW-gcddfsyjvyrryddlddufhwcsokbp/Build/Products/Debug-iphoneos/HOOKFLOW.app/Frameworks --scan-folder /Users/jahroinimo/Library/Developer/Xcode/DerivedData/HOOKFLOW-gcddfsyjvyrryddlddufhwcsokbp/Build/Products/Debug-iphoneos/HOOKFLOW.app/PlugIns --scan-folder /Users/jahroinimo/Library/Developer/Xcode/DerivedData/HOOKFLOW-gcddfsyjvyrryddlddufhwcsokbp/Build/Products/Debug-iphoneos/HOOKFLOW.app/SystemExtensions --scan-folder /Users/jahroinimo/Library/Developer/Xcode/DerivedData/HOOKFLOW-gcddfsyjvyrryddlddufhwcsokbp/Build/Products/Debug-iphoneos/HOOKFLOW.app/Extensions --platform iphoneos --toolchain /Applications/Xcode.app/Contents/Developer/Toolchains/XcodeDefault.xctoolchain --destination /Users/jahroinimo/Library/Developer/Xcode/DerivedData/HOOKFLOW-gcddfsyjvyrryddlddufhwcsokbp/Build/Products/Debug-iphoneos/HOOKFLOW.app/Frameworks --strip-bitcode --strip-bitcode-tool /Applications/Xcode.app/Contents/Developer/Toolchains/XcodeDefault.xctoolchain/usr/bin/bitcode_strip --emit-dependency-info /Users/jahroinimo/Library/Developer/Xcode/DerivedData/HOOKFLOW-gcddfsyjvyrryddlddufhwcsokbp/Build/Intermediates.noindex/HOOKFLOW.build/Debug-iphoneos/HOOKFLOW.build/SwiftStdLibToolInputDependencies.dep --filter-for-swift-os --back-deploy-swift-span

CodeSign /Users/jahroinimo/Library/Developer/Xcode/DerivedData/HOOKFLOW-gcddfsyjvyrryddlddufhwcsokbp/Build/Products/Debug-iphoneos/HOOKFLOW.app/HOOKFLOW.debug.dylib (in target 'HOOKFLOW' from project 'HOOKFLOW')
    cd /Users/jahroinimo/Desktop/my\ apps/HOOKFLOW-PROJECT/HOOKFLOW
    
    Signing Identity:     "Apple Development: Jahronimo Ellis (4FZKZPL37Z)"
    Provisioning Profile: "iOS Team Provisioning Profile: *"
                          (3c15a7df-6a42-4333-a813-93733b3d9c5b)
    
    /usr/bin/codesign --force --sign F00D3685B19D28671F06EDA906DB1CC98FC0FB9E --timestamp\=none --generate-entitlement-der /Users/jahroinimo/Library/Developer/Xcode/DerivedData/HOOKFLOW-gcddfsyjvyrryddlddufhwcsokbp/Build/Products/Debug-iphoneos/HOOKFLOW.app/HOOKFLOW.debug.dylib

CodeSign /Users/jahroinimo/Library/Developer/Xcode/DerivedData/HOOKFLOW-gcddfsyjvyrryddlddufhwcsokbp/Build/Products/Debug-iphoneos/HOOKFLOW.app/__preview.dylib (in target 'HOOKFLOW' from project 'HOOKFLOW')
    cd /Users/jahroinimo/Desktop/my\ apps/HOOKFLOW-PROJECT/HOOKFLOW
    
    Signing Identity:     "Apple Development: Jahronimo Ellis (4FZKZPL37Z)"
    Provisioning Profile: "iOS Team Provisioning Profile: *"
                          (3c15a7df-6a42-4333-a813-93733b3d9c5b)
    
    /usr/bin/codesign --force --sign F00D3685B19D28671F06EDA906DB1CC98FC0FB9E --timestamp\=none --generate-entitlement-der /Users/jahroinimo/Library/Developer/Xcode/DerivedData/HOOKFLOW-gcddfsyjvyrryddlddufhwcsokbp/Build/Products/Debug-iphoneos/HOOKFLOW.app/__preview.dylib

CodeSign /Users/jahroinimo/Library/Developer/Xcode/DerivedData/HOOKFLOW-gcddfsyjvyrryddlddufhwcsokbp/Build/Products/Debug-iphoneos/HOOKFLOW.app (in target 'HOOKFLOW' from project 'HOOKFLOW')
    cd /Users/jahroinimo/Desktop/my\ apps/HOOKFLOW-PROJECT/HOOKFLOW
    
    Signing Identity:     "Apple Development: Jahronimo Ellis (4FZKZPL37Z)"
    Provisioning Profile: "iOS Team Provisioning Profile: *"
                          (3c15a7df-6a42-4333-a813-93733b3d9c5b)
    
    /usr/bin/codesign --force --sign F00D3685B19D28671F06EDA906DB1CC98FC0FB9E --entitlements /Users/jahroinimo/Library/Developer/Xcode/DerivedData/HOOKFLOW-gcddfsyjvyrryddlddufhwcsokbp/Build/Intermediates.noindex/HOOKFLOW.build/Debug-iphoneos/HOOKFLOW.build/HOOKFLOW.app.xcent --timestamp\=none --generate-entitlement-der /Users/jahroinimo/Library/Developer/Xcode/DerivedData/HOOKFLOW-gcddfsyjvyrryddlddufhwcsokbp/Build/Products/Debug-iphoneos/HOOKFLOW.app

Validate /Users/jahroinimo/Library/Developer/Xcode/DerivedData/HOOKFLOW-gcddfsyjvyrryddlddufhwcsokbp/Build/Products/Debug-iphoneos/HOOKFLOW.app (in target 'HOOKFLOW' from project 'HOOKFLOW')
    cd /Users/jahroinimo/Desktop/my\ apps/HOOKFLOW-PROJECT/HOOKFLOW
    builtin-validationUtility /Users/jahroinimo/Library/Developer/Xcode/DerivedData/HOOKFLOW-gcddfsyjvyrryddlddufhwcsokbp/Build/Products/Debug-iphoneos/HOOKFLOW.app -shallow-bundle -infoplist-subpath Info.plist

** BUILD SUCCEEDED **

